
[1m[46m RUN [49m[22m [36mv4.0.15 [39m[90mC:/Users/bsbpl/Documentos 1/Projetos/Project_Ausencias[39m

[90mstdout[2m | src/test/BusinessLogic.test.tsx[2m > [22m[2mBusiness Logic Validation[2m > [22m[2mLimits - Vacation Rules (CLT)[2m > [22m[2mshould allow a valid 30-day vacation if no other leaves exist
[22m[39mValidating Vacation: {
  employeeId: [32m'emp1'[39m,
  daysOff: [33m30[39m,
  acquisitiveStart: [32m'2024-01-01'[39m,
  leavesCount: [33m0[39m
}
Found vacations: [33m0[39m
Totals: { totalDaysTaken: [33m0[39m, newTotal: [33m30[39m }
14 Days Rule: { allPeriods: [ [33m30[39m ], hasFourteenDays: [33mtrue[39m }

[90mstdout[2m | src/test/BusinessLogic.test.tsx[2m > [22m[2mBusiness Logic Validation[2m > [22m[2mLimits - Vacation Rules (CLT)[2m > [22m[2mshould reject vacation < 5 days
[22m[39mValidating Vacation: {
  employeeId: [32m'emp1'[39m,
  daysOff: [33m4[39m,
  acquisitiveStart: [32m'2024-01-01'[39m,
  leavesCount: [33m0[39m
}
Found vacations: [33m0[39m
Totals: { totalDaysTaken: [33m0[39m, newTotal: [33m4[39m }

[90mstdout[2m | src/test/BusinessLogic.test.tsx[2m > [22m[2mBusiness Logic Validation[2m > [22m[2mLimits - Vacation Rules (CLT)[2m > [22m[2mshould reject if total exceeds 30 days
[22m[39mValidating Vacation: {
  employeeId: [32m'emp1'[39m,
  daysOff: [33m11[39m,
  acquisitiveStart: [32m'2024-01-01'[39m,
  leavesCount: [33m1[39m
}
Found vacations: [33m1[39m
Totals: { totalDaysTaken: [33m20[39m, newTotal: [33m31[39m }

[90mstdout[2m | src/test/BusinessLogic.test.tsx[2m > [22m[2mBusiness Logic Validation[2m > [22m[2mLimits - Vacation Rules (CLT)[2m > [22m[2mshould allow valid 14-day rule scenario
[22m[39mValidating Vacation: {
  employeeId: [32m'emp1'[39m,
  daysOff: [33m20[39m,
  acquisitiveStart: [32m'2024-01-01'[39m,
  leavesCount: [33m1[39m
}
Found vacations: [33m1[39m
Totals: { totalDaysTaken: [33m10[39m, newTotal: [33m30[39m }
14 Days Rule: { allPeriods: [ [33m10[39m, [33m20[39m ], hasFourteenDays: [33mtrue[39m }

[90mstdout[2m | src/test/BusinessLogic.test.tsx[2m > [22m[2mBusiness Logic Validation[2m > [22m[2mLimits - Vacation Rules (CLT)[2m > [22m[2mshould enforce 14-day rule when reaching 30 days
[22m[39mValidating Vacation: {
  employeeId: [32m'emp1'[39m,
  daysOff: [33m10[39m,
  acquisitiveStart: [32m'2024-01-01'[39m,
  leavesCount: [33m2[39m
}
Found vacations: [33m2[39m
Totals: { totalDaysTaken: [33m20[39m, newTotal: [33m30[39m }
14 Days Rule: { allPeriods: [ [33m10[39m, [33m10[39m, [33m10[39m ], hasFourteenDays: [33mfalse[39m }

 [31mÔØ»[39m src/test/BusinessLogic.test.tsx [2m([22m[2m8 tests[22m[2m | [22m[31m1 failed[39m[2m)[22m[32m 13[2mms[22m[39m
       [32mÔ£ô[39m should allow a valid 30-day vacation if no other leaves exist[32m 2[2mms[22m[39m
       [32mÔ£ô[39m should reject vacation < 5 days[32m 1[2mms[22m[39m
       [32mÔ£ô[39m should reject if total exceeds 30 days[32m 1[2mms[22m[39m
       [32mÔ£ô[39m should allow valid 14-day rule scenario[32m 0[2mms[22m[39m
       [32mÔ£ô[39m should enforce 14-day rule when reaching 30 days[32m 0[2mms[22m[39m
       [32mÔ£ô[39m should correctly identify STATUS[32m 2[2mms[22m[39m
[31m       [31m├ù[31m should identify weekends correctly[39m[32m 6[2mms[22m[39m
       [32mÔ£ô[39m should generate correct calendar grid size[32m 0[2mms[22m[39m
node.exe : 
No linha:1 caractere:1
+ & "C:\Program Files\nodejs/node.exe" 
"C:\Program Files\nodejs/node_mo ...
+ ~~~~~~~~~~~~~~~~~~~~~~~~~~~~~~~~~~~~~
~~~~~~~~~~~~~~~~~~~~~~~~~~~~~~~~
    + CategoryInfo          : NotSpeci 
   fied: (:String) [], RemoteExceptio  
  n
    + FullyQualifiedErrorId : NativeCo 
   mmandError
 
[31mÔÄ»ÔÄ»ÔÄ»ÔÄ»ÔÄ»ÔÄ»ÔÄ»[39m[1m[41
m Failed Tests 1 [49m[22m[31mÔÄ»ÔÄ»Ô
Ä»ÔÄ»ÔÄ»ÔÄ»ÔÄ»[39m

[41m[1m FAIL [22m[49m 
src/test/BusinessLogic.test.tsx[2m > 
[22mBusiness Logic Validation[2m > 
[22mCalendars - Date Utils[2m > 
[22mshould identify weekends correctly
[31m[1mAssertionError[22m: expected 
false to be true // Object.is 
equality[39m

[32m- Expected[39m
[31m+ Received[39m

[32m- true[39m
[31m+ false[39m

[36m [2mÔØ»[22m src/test/BusinessLog
ic.test.tsx:[2m95:55[22m[39m
    [90m 93| [39m        
[34mit[39m([32m'should identify 
weekends correctly'[39m[33m,[39m () 
[33m=>[39m {
    [90m 94| [39m            [90m// 
Saturday[39m
    [90m 95| [39m            [34mexp
ect[39m([34misWeekend[39m([35mnew[
39m [33mDate[39m([32m'2024-06-01'[3
9m)))[33m.[39m[34mtoBe[39m([35mtru
e[39m)[33m;[39m
    [90m   | [39m                    
                                  
[31m^[39m
    [90m 96| [39m            [90m// 
Sunday[39m
    [90m 97| [39m            [34mexp
ect[39m([34misWeekend[39m([35mnew[
39m [33mDate[39m([32m'2024-06-02'[3
9m)))[33m.[39m[34mtoBe[39m([35mtru
e[39m)[33m;[39m

[31m[2mÔÄ»ÔÄ»ÔÄ»ÔÄ»ÔÄ»ÔÄ»ÔÄ»ÔÄ»ÔÄ»ÔÄ»
ÔÄ»ÔÄ»ÔÄ»ÔÄ»ÔÄ»ÔÄ»ÔÄ»ÔÄ»ÔÄ»ÔÄ»ÔÄ»ÔÄ»ÔÄ»
ÔÄ»[1/1]ÔÄ»[22m[39m


[2m Test Files [22m [1m[31m1 failed[39m[22m[90m (1)[39m
[2m      Tests [22m [1m[31m1 failed[39m[22m[2m | [22m[1m[32m7 passed[39m[22m[90m (8)[39m
[2m   Start at [22m 02:17:47
[2m   Duration [22m 1.75s[2m (transform 60ms, setup 163ms, import 444ms, tests 13ms, environment 925ms)[22m

